Classic Timing Analyzer report for HDCPU
Sat Jul 03 00:33:29 2021
Quartus II Version 9.1 Build 222 10/21/2009 SJ Full Version


---------------------
; Table of Contents ;
---------------------
  1. Legal Notice
  2. Timing Analyzer Summary
  3. Timing Analyzer Settings
  4. Parallel Compilation
  5. tpd
  6. Timing Analyzer Messages



----------------
; Legal Notice ;
----------------
Copyright (C) 1991-2009 Altera Corporation
Your use of Altera Corporation's design tools, logic functions 
and other software and tools, and its AMPP partner logic 
functions, and any output files from any of the foregoing 
(including device programming or simulation files), and any 
associated documentation or information are expressly subject 
to the terms and conditions of the Altera Program License 
Subscription Agreement, Altera MegaCore Function License 
Agreement, or other applicable license agreement, including, 
without limitation, that your use is for the sole purpose of 
programming logic devices manufactured by Altera and sold by 
Altera or its authorized distributors.  Please refer to the 
applicable agreement for further details.



+------------------------------------------------------------------------------------------------------------------------+
; Timing Analyzer Summary                                                                                                ;
+------------------------------+-------+---------------+-------------+------+-----+------------+----------+--------------+
; Type                         ; Slack ; Required Time ; Actual Time ; From ; To  ; From Clock ; To Clock ; Failed Paths ;
+------------------------------+-------+---------------+-------------+------+-----+------------+----------+--------------+
; Worst-case tpd               ; N/A   ; None          ; 42.000 ns   ; W[2] ; LAR ; --         ; --       ; 0            ;
; Total number of failed paths ;       ;               ;             ;      ;     ;            ;          ; 0            ;
+------------------------------+-------+---------------+-------------+------+-----+------------+----------+--------------+


+-----------------------------------------------------------------------------------------------------------------------------------------------------+
; Timing Analyzer Settings                                                                                                                            ;
+------------------------------------------------------------------------------------------------------+--------------------+------+----+-------------+
; Option                                                                                               ; Setting            ; From ; To ; Entity Name ;
+------------------------------------------------------------------------------------------------------+--------------------+------+----+-------------+
; Device Name                                                                                          ; EPM7128SLC84-15    ;      ;    ;             ;
; Timing Models                                                                                        ; Final              ;      ;    ;             ;
; Default hold multicycle                                                                              ; Same as Multicycle ;      ;    ;             ;
; Cut paths between unrelated clock domains                                                            ; On                 ;      ;    ;             ;
; Cut off read during write signal paths                                                               ; On                 ;      ;    ;             ;
; Cut off feedback from I/O pins                                                                       ; On                 ;      ;    ;             ;
; Report Combined Fast/Slow Timing                                                                     ; Off                ;      ;    ;             ;
; Ignore Clock Settings                                                                                ; Off                ;      ;    ;             ;
; Analyze latches as synchronous elements                                                              ; On                 ;      ;    ;             ;
; Enable Recovery/Removal analysis                                                                     ; Off                ;      ;    ;             ;
; Enable Clock Latency                                                                                 ; Off                ;      ;    ;             ;
; Use TimeQuest Timing Analyzer                                                                        ; Off                ;      ;    ;             ;
; Minimum Core Junction Temperature                                                                    ; 0                  ;      ;    ;             ;
; Maximum Core Junction Temperature                                                                    ; 85                 ;      ;    ;             ;
; Number of source nodes to report per destination node                                                ; 10                 ;      ;    ;             ;
; Number of destination nodes to report                                                                ; 10                 ;      ;    ;             ;
; Number of paths to report                                                                            ; 200                ;      ;    ;             ;
; Report Minimum Timing Checks                                                                         ; Off                ;      ;    ;             ;
; Use Fast Timing Models                                                                               ; Off                ;      ;    ;             ;
; Report IO Paths Separately                                                                           ; Off                ;      ;    ;             ;
; Perform Multicorner Analysis                                                                         ; Off                ;      ;    ;             ;
; Reports the worst-case path for each clock domain and analysis                                       ; Off                ;      ;    ;             ;
; Reports worst-case timing paths for each clock domain and analysis                                   ; On                 ;      ;    ;             ;
; Specifies the maximum number of worst-case timing paths to report for each clock domain and analysis ; 100                ;      ;    ;             ;
; Removes common clock path pessimism (CCPP) during slack computation                                  ; Off                ;      ;    ;             ;
; Output I/O Timing Endpoint                                                                           ; Near End           ;      ;    ;             ;
+------------------------------------------------------------------------------------------------------+--------------------+------+----+-------------+


+------------------------------------------+
; Parallel Compilation                     ;
+----------------------------+-------------+
; Processors                 ; Number      ;
+----------------------------+-------------+
; Number detected on machine ; 4           ;
; Maximum allowed            ; 4           ;
;                            ;             ;
; Average used               ; 1.00        ;
; Maximum used               ; 1           ;
;                            ;             ;
; Usage by Processor         ; % Time Used ;
;     1 processor            ; 100.0%      ;
;     2-4 processors         ;   0.0%      ;
+----------------------------+-------------+


+--------------------------------------------------------------+
; tpd                                                          ;
+-------+-------------------+-----------------+-------+--------+
; Slack ; Required P2P Time ; Actual P2P Time ; From  ; To     ;
+-------+-------------------+-----------------+-------+--------+
; N/A   ; None              ; 42.000 ns       ; SW[0] ; SBUS   ;
; N/A   ; None              ; 42.000 ns       ; W[1]  ; SBUS   ;
; N/A   ; None              ; 42.000 ns       ; SW[1] ; SBUS   ;
; N/A   ; None              ; 42.000 ns       ; W[2]  ; SBUS   ;
; N/A   ; None              ; 42.000 ns       ; SW[0] ; SEL[3] ;
; N/A   ; None              ; 42.000 ns       ; W[1]  ; SEL[3] ;
; N/A   ; None              ; 42.000 ns       ; SW[1] ; SEL[3] ;
; N/A   ; None              ; 42.000 ns       ; W[2]  ; SEL[3] ;
; N/A   ; None              ; 42.000 ns       ; SW[0] ; MBUS   ;
; N/A   ; None              ; 42.000 ns       ; W[1]  ; MBUS   ;
; N/A   ; None              ; 42.000 ns       ; SW[1] ; MBUS   ;
; N/A   ; None              ; 42.000 ns       ; W[2]  ; MBUS   ;
; N/A   ; None              ; 42.000 ns       ; SW[0] ; MEMW   ;
; N/A   ; None              ; 42.000 ns       ; W[1]  ; MEMW   ;
; N/A   ; None              ; 42.000 ns       ; SW[1] ; MEMW   ;
; N/A   ; None              ; 42.000 ns       ; W[2]  ; MEMW   ;
; N/A   ; None              ; 42.000 ns       ; SW[0] ; ARINC  ;
; N/A   ; None              ; 42.000 ns       ; W[1]  ; ARINC  ;
; N/A   ; None              ; 42.000 ns       ; SW[1] ; ARINC  ;
; N/A   ; None              ; 42.000 ns       ; W[2]  ; ARINC  ;
; N/A   ; None              ; 42.000 ns       ; SW[0] ; LAR    ;
; N/A   ; None              ; 42.000 ns       ; W[1]  ; LAR    ;
; N/A   ; None              ; 42.000 ns       ; SW[1] ; LAR    ;
; N/A   ; None              ; 42.000 ns       ; W[2]  ; LAR    ;
; N/A   ; None              ; 41.000 ns       ; SW[2] ; SBUS   ;
; N/A   ; None              ; 41.000 ns       ; SW[2] ; SEL[3] ;
; N/A   ; None              ; 41.000 ns       ; SW[2] ; MBUS   ;
; N/A   ; None              ; 41.000 ns       ; SW[2] ; MEMW   ;
; N/A   ; None              ; 41.000 ns       ; SW[2] ; ARINC  ;
; N/A   ; None              ; 41.000 ns       ; SW[2] ; LAR    ;
; N/A   ; None              ; 33.000 ns       ; CLR   ; SBUS   ;
; N/A   ; None              ; 33.000 ns       ; CLR   ; SEL[3] ;
; N/A   ; None              ; 33.000 ns       ; CLR   ; MBUS   ;
; N/A   ; None              ; 33.000 ns       ; CLR   ; MEMW   ;
; N/A   ; None              ; 33.000 ns       ; CLR   ; ARINC  ;
; N/A   ; None              ; 33.000 ns       ; CLR   ; LAR    ;
; N/A   ; None              ; 24.000 ns       ; T3    ; SBUS   ;
; N/A   ; None              ; 24.000 ns       ; T3    ; SEL[3] ;
; N/A   ; None              ; 24.000 ns       ; T3    ; MBUS   ;
; N/A   ; None              ; 24.000 ns       ; T3    ; MEMW   ;
; N/A   ; None              ; 24.000 ns       ; T3    ; ARINC  ;
; N/A   ; None              ; 24.000 ns       ; T3    ; LAR    ;
; N/A   ; None              ; 15.000 ns       ; SW[0] ; STOP   ;
; N/A   ; None              ; 15.000 ns       ; CLR   ; STOP   ;
; N/A   ; None              ; 15.000 ns       ; SW[2] ; STOP   ;
; N/A   ; None              ; 15.000 ns       ; W[1]  ; STOP   ;
; N/A   ; None              ; 15.000 ns       ; SW[1] ; STOP   ;
; N/A   ; None              ; 15.000 ns       ; W[2]  ; STOP   ;
; N/A   ; None              ; 15.000 ns       ; SW[0] ; SELCTL ;
; N/A   ; None              ; 15.000 ns       ; CLR   ; SELCTL ;
; N/A   ; None              ; 15.000 ns       ; SW[2] ; SELCTL ;
; N/A   ; None              ; 15.000 ns       ; W[1]  ; SELCTL ;
; N/A   ; None              ; 15.000 ns       ; SW[1] ; SELCTL ;
; N/A   ; None              ; 15.000 ns       ; W[2]  ; SELCTL ;
; N/A   ; None              ; 15.000 ns       ; SW[0] ; SEL[1] ;
; N/A   ; None              ; 15.000 ns       ; CLR   ; SEL[1] ;
; N/A   ; None              ; 15.000 ns       ; SW[2] ; SEL[1] ;
; N/A   ; None              ; 15.000 ns       ; W[1]  ; SEL[1] ;
; N/A   ; None              ; 15.000 ns       ; SW[1] ; SEL[1] ;
; N/A   ; None              ; 15.000 ns       ; W[2]  ; SEL[1] ;
; N/A   ; None              ; 15.000 ns       ; SW[0] ; DRW    ;
; N/A   ; None              ; 15.000 ns       ; CLR   ; DRW    ;
; N/A   ; None              ; 15.000 ns       ; SW[2] ; DRW    ;
; N/A   ; None              ; 15.000 ns       ; W[1]  ; DRW    ;
; N/A   ; None              ; 15.000 ns       ; SW[1] ; DRW    ;
; N/A   ; None              ; 15.000 ns       ; W[2]  ; DRW    ;
; N/A   ; None              ; 15.000 ns       ; SW[0] ; SEL[2] ;
; N/A   ; None              ; 15.000 ns       ; CLR   ; SEL[2] ;
; N/A   ; None              ; 15.000 ns       ; SW[2] ; SEL[2] ;
; N/A   ; None              ; 15.000 ns       ; SW[1] ; SEL[2] ;
; N/A   ; None              ; 15.000 ns       ; W[2]  ; SEL[2] ;
; N/A   ; None              ; 15.000 ns       ; SW[0] ; SHORT  ;
; N/A   ; None              ; 15.000 ns       ; CLR   ; SHORT  ;
; N/A   ; None              ; 15.000 ns       ; SW[2] ; SHORT  ;
; N/A   ; None              ; 15.000 ns       ; W[1]  ; SHORT  ;
; N/A   ; None              ; 15.000 ns       ; SW[1] ; SHORT  ;
; N/A   ; None              ; 15.000 ns       ; SW[0] ; SEL[0] ;
; N/A   ; None              ; 15.000 ns       ; CLR   ; SEL[0] ;
; N/A   ; None              ; 15.000 ns       ; SW[2] ; SEL[0] ;
; N/A   ; None              ; 15.000 ns       ; W[1]  ; SEL[0] ;
; N/A   ; None              ; 15.000 ns       ; SW[1] ; SEL[0] ;
; N/A   ; None              ; 15.000 ns       ; W[2]  ; SEL[0] ;
+-------+-------------------+-----------------+-------+--------+


+--------------------------+
; Timing Analyzer Messages ;
+--------------------------+
Info: *******************************************************************
Info: Running Quartus II Classic Timing Analyzer
    Info: Version 9.1 Build 222 10/21/2009 SJ Full Version
    Info: Processing started: Sat Jul 03 00:33:29 2021
Info: Command: quartus_tan --read_settings_files=off --write_settings_files=off HDCPU -c HDCPU
Info: Parallel compilation is enabled and will use 4 of the 4 processors detected
Info: Started post-fitting delay annotation
Info: Delay annotation completed successfully
Warning: Timing Analysis does not support the analysis of latches as synchronous elements for the currently selected device family
Warning: Found combinational loop of 3 nodes
    Warning: Node "ST0~13"
    Warning: Node "Mux7~6"
    Warning: Node "SST0~9"
Info: Longest tpd from source pin "SW[0]" to destination pin "SBUS" is 42.000 ns
    Info: 1: + IC(0.000 ns) + CELL(2.000 ns) = 2.000 ns; Loc. = PIN_60; Fanout = 38; PIN Node = 'SW[0]'
    Info: 2: + IC(0.000 ns) + CELL(27.000 ns) = 29.000 ns; Loc. = LC4; Fanout = 11; COMB LOOP Node = 'ST0~13'
        Info: Loc. = LC1; Node "Mux7~6"
        Info: Loc. = LC4; Node "ST0~13"
        Info: Loc. = LC2; Node "SST0~9"
    Info: 3: + IC(2.000 ns) + CELL(7.000 ns) = 38.000 ns; Loc. = LC16; Fanout = 1; COMB Node = 'Mux1~8'
    Info: 4: + IC(0.000 ns) + CELL(4.000 ns) = 42.000 ns; Loc. = PIN_4; Fanout = 0; PIN Node = 'SBUS'
    Info: Total cell delay = 40.000 ns ( 95.24 % )
    Info: Total interconnect delay = 2.000 ns ( 4.76 % )
Info: Quartus II Classic Timing Analyzer was successful. 0 errors, 5 warnings
    Info: Peak virtual memory: 181 megabytes
    Info: Processing ended: Sat Jul 03 00:33:29 2021
    Info: Elapsed time: 00:00:00
    Info: Total CPU time (on all processors): 00:00:00


